method=relora
REPO_ROOT=/beegfs/home/timofey.glukhikh/superrelora2
HF_HOME=/gpfs/gpfs0/timofey.glukhikh/SuperReLoRa/hf_cache
OUT_DIR=/gpfs/gpfs0/timofey.glukhikh/SuperReLoRa/runs/relora
CUDA_VISIBLE_DEVICES=0
Wed Sep 23 00:33:56 2026       
+-----------------------------------------------------------------------------------------+
| NVIDIA-SMI 550.54.15              Driver Version: 550.54.15      CUDA Version: 12.4     |
|-----------------------------------------+------------------------+----------------------+
| GPU  Name                 Persistence-M | Bus-Id          Disp.A | Volatile Uncorr. ECC |
| Fan  Temp   Perf          Pwr:Usage/Cap |           Memory-Usage | GPU-Util  Compute M. |
|                                         |                        |               MIG M. |
|=========================================+========================+======================|
|   0  NVIDIA GeForce RTX 2080 Ti     Off |   00000000:02:00.0 Off |                  N/A |
| 27%   30C    P8             39W /  260W |       0MiB /  11264MiB |      0%      Default |
|                                         |                        |                  N/A |
+-----------------------------------------+------------------------+----------------------+
                                                                                         
+-----------------------------------------------------------------------------------------+
| Processes:                                                                              |
|  GPU   GI   CI        PID   Type   Process name                              GPU Memory |
|        ID   ID                                                               Usage      |
|=========================================================================================|
|  No running processes found                                                             |
+-----------------------------------------------------------------------------------------+
HF cache (model + datasets): /gpfs/gpfs0/timofey.glukhikh/SuperReLoRa/hf_cache
method: relora
orthogonal_reinit: False
replaced modules: 84
CUDA available: True
device: cpu
dtype: torch.float32
{'loss': '3.743', 'grad_norm': '1.03', 'learning_rate': '0.0001975', 'epoch': '0.02179'}
{'loss': '3.598', 'grad_norm': '1.083', 'learning_rate': '0.000195', 'epoch': '0.04357'}
{'loss': '3.465', 'grad_norm': '0.7334', 'learning_rate': '0.0001925', 'epoch': '0.06536'}
{'loss': '3.466', 'grad_norm': '0.8044', 'learning_rate': '0.00019', 'epoch': '0.08715'}
[merge] step=500 delta_norm=132.9519 (orthogonal=False)
{'loss': '3.432', 'grad_norm': '2.547', 'learning_rate': '0.0001875', 'epoch': '0.1089'}
{'loss': '3.418', 'grad_norm': '0.7153', 'learning_rate': '0.000185', 'epoch': '0.1307'}
{'loss': '3.375', 'grad_norm': '0.6387', 'learning_rate': '0.0001825', 'epoch': '0.1525'}
{'loss': '3.345', 'grad_norm': '1.392', 'learning_rate': '0.00018', 'epoch': '0.1743'}
{'loss': '3.325', 'grad_norm': '0.6117', 'learning_rate': '0.0001775', 'epoch': '0.1961'}
[merge] step=1000 delta_norm=113.2493 (orthogonal=False)
{'loss': '3.305', 'grad_norm': '0.7769', 'learning_rate': '0.000175', 'epoch': '0.2179'}
{'loss': '3.313', 'grad_norm': '0.7544', 'learning_rate': '0.0001726', 'epoch': '0.2397'}
{'loss': '3.284', 'grad_norm': '0.7566', 'learning_rate': '0.00017', 'epoch': '0.2614'}
{'loss': '3.319', 'grad_norm': '0.8705', 'learning_rate': '0.0001676', 'epoch': '0.2832'}
{'loss': '3.262', 'grad_norm': '0.6448', 'learning_rate': '0.0001651', 'epoch': '0.305'}
[merge] step=1500 delta_norm=117.7218 (orthogonal=False)
{'loss': '3.248', 'grad_norm': '0.8305', 'learning_rate': '0.0001625', 'epoch': '0.3268'}
{'loss': '3.267', 'grad_norm': '0.7087', 'learning_rate': '0.0001601', 'epoch': '0.3486'}
{'loss': '3.249', 'grad_norm': '0.8956', 'learning_rate': '0.0001576', 'epoch': '0.3704'}
{'loss': '3.269', 'grad_norm': '0.6389', 'learning_rate': '0.0001551', 'epoch': '0.3922'}
{'loss': '3.244', 'grad_norm': '0.8969', 'learning_rate': '0.0001526', 'epoch': '0.4139'}
[merge] step=2000 delta_norm=113.1262 (orthogonal=False)
{'loss': '3.254', 'grad_norm': '0.883', 'learning_rate': '0.0001501', 'epoch': '0.4357'}
{'loss': '3.243', 'grad_norm': '0.7879', 'learning_rate': '0.0001476', 'epoch': '0.4575'}
{'loss': '3.213', 'grad_norm': '4.803', 'learning_rate': '0.0001451', 'epoch': '0.4793'}
{'loss': '3.267', 'grad_norm': '0.6615', 'learning_rate': '0.0001425', 'epoch': '0.5011'}
{'loss': '3.188', 'grad_norm': '1.376', 'learning_rate': '0.0001401', 'epoch': '0.5229'}
[merge] step=2500 delta_norm=104.7528 (orthogonal=False)
{'loss': '3.21', 'grad_norm': '0.671', 'learning_rate': '0.0001376', 'epoch': '0.5447'}
{'loss': '3.164', 'grad_norm': '0.9452', 'learning_rate': '0.0001351', 'epoch': '0.5664'}
{'loss': '3.187', 'grad_norm': '0.5302', 'learning_rate': '0.0001325', 'epoch': '0.5882'}
{'loss': '3.175', 'grad_norm': '0.6395', 'learning_rate': '0.0001301', 'epoch': '0.61'}
{'loss': '3.206', 'grad_norm': '0.9304', 'learning_rate': '0.0001276', 'epoch': '0.6318'}
[merge] step=3000 delta_norm=97.3974 (orthogonal=False)
{'loss': '3.145', 'grad_norm': '0.6381', 'learning_rate': '0.0001251', 'epoch': '0.6536'}
{'loss': '3.208', 'grad_norm': '0.7071', 'learning_rate': '0.0001225', 'epoch': '0.6754'}
{'loss': '3.211', 'grad_norm': '0.7349', 'learning_rate': '0.00012', 'epoch': '0.6972'}
{'loss': '3.176', 'grad_norm': '0.5988', 'learning_rate': '0.0001176', 'epoch': '0.719'}
{'loss': '3.164', 'grad_norm': '0.6818', 'learning_rate': '0.0001151', 'epoch': '0.7407'}
[merge] step=3500 delta_norm=89.8965 (orthogonal=False)
{'loss': '3.16', 'grad_norm': '1.423', 'learning_rate': '0.0001125', 'epoch': '0.7625'}
{'loss': '3.12', 'grad_norm': '0.5732', 'learning_rate': '0.0001101', 'epoch': '0.7843'}
{'loss': '3.184', 'grad_norm': '0.853', 'learning_rate': '0.0001075', 'epoch': '0.8061'}
{'loss': '3.095', 'grad_norm': '0.5769', 'learning_rate': '0.0001051', 'epoch': '0.8279'}
{'loss': '3.145', 'grad_norm': '0.5347', 'learning_rate': '0.0001026', 'epoch': '0.8497'}
[merge] step=4000 delta_norm=82.9900 (orthogonal=False)
{'loss': '3.126', 'grad_norm': '0.4944', 'learning_rate': '0.0001001', 'epoch': '0.8715'}
{'loss': '3.173', 'grad_norm': '0.7072', 'learning_rate': '9.755e-05', 'epoch': '0.8932'}
{'loss': '3.118', 'grad_norm': '1.224', 'learning_rate': '9.505e-05', 'epoch': '0.915'}
{'loss': '3.183', 'grad_norm': '1.163', 'learning_rate': '9.255e-05', 'epoch': '0.9368'}
{'loss': '3.077', 'grad_norm': '0.7158', 'learning_rate': '9.005e-05', 'epoch': '0.9586'}
[merge] step=4500 delta_norm=70.6497 (orthogonal=False)
{'loss': '3.128', 'grad_norm': '0.9061', 'learning_rate': '8.755e-05', 'epoch': '0.9804'}
{'loss': '3.107', 'grad_norm': '0.8666', 'learning_rate': '8.508e-05', 'epoch': '1.002'}
{'loss': '3.019', 'grad_norm': '1.308', 'learning_rate': '8.258e-05', 'epoch': '1.024'}
{'loss': '3.021', 'grad_norm': '0.6696', 'learning_rate': '8.007e-05', 'epoch': '1.046'}
{'loss': '2.982', 'grad_norm': '0.8093', 'learning_rate': '7.758e-05', 'epoch': '1.068'}
[merge] step=5000 delta_norm=66.2590 (orthogonal=False)
{'loss': '3.012', 'grad_norm': '0.9986', 'learning_rate': '7.508e-05', 'epoch': '1.089'}
{'loss': '3.024', 'grad_norm': '0.9441', 'learning_rate': '7.258e-05', 'epoch': '1.111'}
{'loss': '2.962', 'grad_norm': '0.6706', 'learning_rate': '7.007e-05', 'epoch': '1.133'}
{'loss': '3.011', 'grad_norm': '0.7409', 'learning_rate': '6.758e-05', 'epoch': '1.155'}
{'loss': '3.038', 'grad_norm': '0.648', 'learning_rate': '6.508e-05', 'epoch': '1.176'}
[merge] step=5500 delta_norm=60.2585 (orthogonal=False)
{'loss': '3.033', 'grad_norm': '0.5972', 'learning_rate': '6.258e-05', 'epoch': '1.198'}
{'loss': '3.04', 'grad_norm': '0.6486', 'learning_rate': '6.008e-05', 'epoch': '1.22'}
{'loss': '3.034', 'grad_norm': '0.7054', 'learning_rate': '5.758e-05', 'epoch': '1.242'}
{'loss': '3.008', 'grad_norm': '0.6389', 'learning_rate': '5.507e-05', 'epoch': '1.264'}
{'loss': '3.033', 'grad_norm': '1.262', 'learning_rate': '5.258e-05', 'epoch': '1.285'}
[merge] step=6000 delta_norm=56.6756 (orthogonal=False)
{'loss': '3.022', 'grad_norm': '0.9003', 'learning_rate': '5.008e-05', 'epoch': '1.307'}
{'loss': '3.01', 'grad_norm': '0.8482', 'learning_rate': '4.758e-05', 'epoch': '1.329'}
{'loss': '2.993', 'grad_norm': '1.149', 'learning_rate': '4.507e-05', 'epoch': '1.351'}
{'loss': '3.028', 'grad_norm': '1.029', 'learning_rate': '4.258e-05', 'epoch': '1.373'}
{'loss': '3.005', 'grad_norm': '0.61', 'learning_rate': '4.007e-05', 'epoch': '1.394'}
[merge] step=6500 delta_norm=50.1993 (orthogonal=False)
{'loss': '3.005', 'grad_norm': '0.893', 'learning_rate': '3.757e-05', 'epoch': '1.416'}
{'loss': '2.995', 'grad_norm': '0.6377', 'learning_rate': '3.508e-05', 'epoch': '1.438'}
{'loss': '2.997', 'grad_norm': '0.6759', 'learning_rate': '3.257e-05', 'epoch': '1.46'}
{'loss': '3.067', 'grad_norm': '1.374', 'learning_rate': '3.008e-05', 'epoch': '1.481'}
{'loss': '2.955', 'grad_norm': '0.8182', 'learning_rate': '2.76e-05', 'epoch': '1.503'}
[merge] step=7000 delta_norm=46.9472 (orthogonal=False)
{'loss': '2.978', 'grad_norm': '1.549', 'learning_rate': '2.51e-05', 'epoch': '1.525'}
{'loss': '3.001', 'grad_norm': '0.9451', 'learning_rate': '2.26e-05', 'epoch': '1.547'}
{'loss': '3.085', 'grad_norm': '0.59', 'learning_rate': '2.01e-05', 'epoch': '1.569'}
{'loss': '3.016', 'grad_norm': '0.703', 'learning_rate': '1.76e-05', 'epoch': '1.59'}
{'loss': '3.033', 'grad_norm': '0.7667', 'learning_rate': '1.51e-05', 'epoch': '1.612'}
[merge] step=7500 delta_norm=43.4726 (orthogonal=False)
{'loss': '2.981', 'grad_norm': '0.5549', 'learning_rate': '1.263e-05', 'epoch': '1.634'}
{'loss': '3.016', 'grad_norm': '0.7989', 'learning_rate': '1.013e-05', 'epoch': '1.656'}
{'loss': '3.018', 'grad_norm': '0.707', 'learning_rate': '7.625e-06', 'epoch': '1.678'}
{'loss': '2.958', 'grad_norm': '1.147', 'learning_rate': '5.125e-06', 'epoch': '1.699'}
{'loss': '2.981', 'grad_norm': '3.943', 'learning_rate': '2.625e-06', 'epoch': '1.721'}
[merge] step=8000 delta_norm=43.0195 (orthogonal=False)
{'loss': '3.004', 'grad_norm': '0.7056', 'learning_rate': '1.25e-07', 'epoch': '1.743'}
{'train_runtime': '1559', 'train_samples_per_second': '41.05', 'train_steps_per_second': '5.131', 'train_loss': '3.149', 'epoch': '1.743'}
Finished relora
