method=lora
REPO_ROOT=/beegfs/home/timofey.glukhikh/superrelora2
HF_HOME=/gpfs/gpfs0/timofey.glukhikh/SuperReLoRa/hf_cache
OUT_DIR=/gpfs/gpfs0/timofey.glukhikh/SuperReLoRa/runs/lora
CUDA_VISIBLE_DEVICES=0
Mon Sep 21 19:10:57 2026       
+-----------------------------------------------------------------------------------------+
| NVIDIA-SMI 550.163.01             Driver Version: 550.163.01     CUDA Version: 12.4     |
|-----------------------------------------+------------------------+----------------------+
| GPU  Name                 Persistence-M | Bus-Id          Disp.A | Volatile Uncorr. ECC |
| Fan  Temp   Perf          Pwr:Usage/Cap |           Memory-Usage | GPU-Util  Compute M. |
|                                         |                        |               MIG M. |
|=========================================+========================+======================|
|   0  NVIDIA GeForce GTX 1080 Ti     Off |   00000000:02:00.0 Off |                  N/A |
| 53%   65C    P0             70W /  250W |       0MiB /  11264MiB |      0%      Default |
|                                         |                        |                  N/A |
+-----------------------------------------+------------------------+----------------------+
                                                                                         
+-----------------------------------------------------------------------------------------+
| Processes:                                                                              |
|  GPU   GI   CI        PID   Type   Process name                              GPU Memory |
|        ID   ID                                                               Usage      |
|=========================================================================================|
|  No running processes found                                                             |
+-----------------------------------------------------------------------------------------+
HF cache (model + datasets): /gpfs/gpfs0/timofey.glukhikh/SuperReLoRa/hf_cache
